// Jest Snapshot v1, https://goo.gl/fbAQLP

exports[`Komponenta svrha potvrde se ispravno renda 1`] = `
ShallowWrapper {
  Symbol(enzyme.__root__): [Circular],
  Symbol(enzyme.__unrendered__): <BesplatnePotvrde />,
  Symbol(enzyme.__renderer__): Object {
    "batchedUpdates": [Function],
    "checkPropTypes": [Function],
    "getNode": [Function],
    "render": [Function],
    "simulateError": [Function],
    "simulateEvent": [Function],
    "unmount": [Function],
  },
  Symbol(enzyme.__node__): Object {
    "instance": null,
    "key": undefined,
    "nodeType": "host",
    "props": Object {
      "children": Array [
        <div
          className="col"
        >
          <p>
            Broj bespaltnih potvrda: 
          </p>
        </div>,
        <div
          className="col"
        >
          <span
            className="badge-pill badge-primary"
            id="broj_potvrda"
          >
            5
          </span>
        </div>,
      ],
      "className": "row",
    },
    "ref": null,
    "rendered": Array [
      Object {
        "instance": null,
        "key": undefined,
        "nodeType": "host",
        "props": Object {
          "children": <p>
            Broj bespaltnih potvrda: 
          </p>,
          "className": "col",
        },
        "ref": null,
        "rendered": Object {
          "instance": null,
          "key": undefined,
          "nodeType": "host",
          "props": Object {
            "children": "Broj bespaltnih potvrda: ",
          },
          "ref": null,
          "rendered": "Broj bespaltnih potvrda: ",
          "type": "p",
        },
        "type": "div",
      },
      Object {
        "instance": null,
        "key": undefined,
        "nodeType": "host",
        "props": Object {
          "children": <span
            className="badge-pill badge-primary"
            id="broj_potvrda"
          >
            5
          </span>,
          "className": "col",
        },
        "ref": null,
        "rendered": Object {
          "instance": null,
          "key": undefined,
          "nodeType": "host",
          "props": Object {
            "children": 5,
            "className": "badge-pill badge-primary",
            "id": "broj_potvrda",
          },
          "ref": null,
          "rendered": 5,
          "type": "span",
        },
        "type": "div",
      },
    ],
    "type": "div",
  },
  Symbol(enzyme.__nodes__): Array [
    Object {
      "instance": null,
      "key": undefined,
      "nodeType": "host",
      "props": Object {
        "children": Array [
          <div
            className="col"
          >
            <p>
              Broj bespaltnih potvrda: 
            </p>
          </div>,
          <div
            className="col"
          >
            <span
              className="badge-pill badge-primary"
              id="broj_potvrda"
            >
              5
            </span>
          </div>,
        ],
        "className": "row",
      },
      "ref": null,
      "rendered": Array [
        Object {
          "instance": null,
          "key": undefined,
          "nodeType": "host",
          "props": Object {
            "children": <p>
              Broj bespaltnih potvrda: 
            </p>,
            "className": "col",
          },
          "ref": null,
          "rendered": Object {
            "instance": null,
            "key": undefined,
            "nodeType": "host",
            "props": Object {
              "children": "Broj bespaltnih potvrda: ",
            },
            "ref": null,
            "rendered": "Broj bespaltnih potvrda: ",
            "type": "p",
          },
          "type": "div",
        },
        Object {
          "instance": null,
          "key": undefined,
          "nodeType": "host",
          "props": Object {
            "children": <span
              className="badge-pill badge-primary"
              id="broj_potvrda"
            >
              5
            </span>,
            "className": "col",
          },
          "ref": null,
          "rendered": Object {
            "instance": null,
            "key": undefined,
            "nodeType": "host",
            "props": Object {
              "children": 5,
              "className": "badge-pill badge-primary",
              "id": "broj_potvrda",
            },
            "ref": null,
            "rendered": 5,
            "type": "span",
          },
          "type": "div",
        },
      ],
      "type": "div",
    },
  ],
  Symbol(enzyme.__options__): Object {
    "adapter": ReactSixteenAdapter {
      "options": Object {
        "enableComponentDidUpdateOnSetState": true,
        "legacyContextMode": "parent",
        "lifecycles": Object {
          "componentDidUpdate": Object {
            "onSetState": true,
          },
          "getChildContext": Object {
            "calledByRenderer": false,
          },
          "getDerivedStateFromError": true,
          "getDerivedStateFromProps": Object {
            "hasShouldComponentUpdateBug": false,
          },
          "getSnapshotBeforeUpdate": true,
          "setState": Object {
            "skipsComponentDidUpdateOnNullish": true,
          },
        },
      },
    },
  },
  Symbol(enzyme.__childContext__): null,
}
`;
