// Jest Snapshot v1, https://goo.gl/fbAQLP

exports[`renderuje formu za prikaz odredjenog dana 1`] = `
ShallowWrapper {
  Symbol(enzyme.__root__): [Circular],
  Symbol(enzyme.__unrendered__): <Dani />,
  Symbol(enzyme.__renderer__): Object {
    "batchedUpdates": [Function],
    "checkPropTypes": [Function],
    "getNode": [Function],
    "render": [Function],
    "simulateError": [Function],
    "simulateEvent": [Function],
    "unmount": [Function],
  },
  Symbol(enzyme.__node__): Object {
    "instance": null,
    "key": undefined,
    "nodeType": "host",
    "props": Object {
      "children": Array [
        <button
          className="prvi"
          id="Sljedeci"
        >
           
          Prev
        </button>,
        <button
          className="drugi"
          id="Prethodni"
        >
          Next
        </button>,
        <table
          className="tabela"
          id="tabelica"
        >
          <thead>
            <tr>
              <th
                scope="col"
              >
                # 
              </th>
              <th
                scope="col"
              />
            </tr>
          </thead>
          <tbody>
            <tr>
              <th
                scope="row"
              >
                 08:00 
              </th>
              <td>
                <button>
                   
                </button>
              </td>
            </tr>
            <tr>
              <th
                scope="row"
              >
                09:00
              </th>
              <td>
                <button>
                   
                </button>
                 
              </td>
            </tr>
            <tr>
              <th
                scope="row"
              >
                10:00
              </th>
              <td>
                 
                <button>
                   
                </button>
                 
              </td>
            </tr>
            <tr>
              <th
                scope="row"
              >
                11:00
              </th>
              <td>
                 
                <button>
                   
                </button>
                 
              </td>
            </tr>
            <tr>
              <th
                scope="row"
              >
                12:00
              </th>
              <td>
                 
                <button>
                   
                </button>
                 
              </td>
            </tr>
            <tr>
              <th
                scope="row"
              >
                13:00
              </th>
              <td>
                 
                <button>
                   
                </button>
                 
              </td>
            </tr>
            <tr>
              <th
                scope="row"
              >
                14:00
              </th>
              <td>
                 
                <button>
                   
                </button>
                 
              </td>
            </tr>
            <tr>
              <th
                scope="row"
              >
                15:00
              </th>
              <td>
                 
                <button>
                   
                </button>
                 
              </td>
            </tr>
            <tr>
              <th
                scope="row"
              >
                16:00
              </th>
              <td>
                 
                <button>
                   
                </button>
                 
              </td>
            </tr>
            <tr>
              <th
                scope="row"
              >
                17:00
              </th>
              <td>
                 
                <button>
                   
                </button>
                 
              </td>
            </tr>
            <tr>
              <th
                scope="row"
              >
                 18:00
              </th>
              <td>
                 
                <button>
                   
                </button>
                 
              </td>
            </tr>
            <tr>
              <th
                scope="row"
              >
                19:00
              </th>
              <td>
                 
                <button>
                   
                </button>
                 
              </td>
            </tr>
          </tbody>
        </table>,
      ],
      "className": "Danic",
    },
    "ref": null,
    "rendered": Array [
      Object {
        "instance": null,
        "key": undefined,
        "nodeType": "host",
        "props": Object {
          "children": Array [
            " ",
            "Prev",
          ],
          "className": "prvi",
          "id": "Sljedeci",
          "onClick": undefined,
        },
        "ref": null,
        "rendered": Array [
          " ",
          "Prev",
        ],
        "type": "button",
      },
      Object {
        "instance": null,
        "key": undefined,
        "nodeType": "host",
        "props": Object {
          "children": "Next",
          "className": "drugi",
          "id": "Prethodni",
          "onClick": undefined,
        },
        "ref": null,
        "rendered": "Next",
        "type": "button",
      },
      Object {
        "instance": null,
        "key": undefined,
        "nodeType": "host",
        "props": Object {
          "children": Array [
            <thead>
              <tr>
                <th
                  scope="col"
                >
                  # 
                </th>
                <th
                  scope="col"
                />
              </tr>
            </thead>,
            <tbody>
              <tr>
                <th
                  scope="row"
                >
                   08:00 
                </th>
                <td>
                  <button>
                     
                  </button>
                </td>
              </tr>
              <tr>
                <th
                  scope="row"
                >
                  09:00
                </th>
                <td>
                  <button>
                     
                  </button>
                   
                </td>
              </tr>
              <tr>
                <th
                  scope="row"
                >
                  10:00
                </th>
                <td>
                   
                  <button>
                     
                  </button>
                   
                </td>
              </tr>
              <tr>
                <th
                  scope="row"
                >
                  11:00
                </th>
                <td>
                   
                  <button>
                     
                  </button>
                   
                </td>
              </tr>
              <tr>
                <th
                  scope="row"
                >
                  12:00
                </th>
                <td>
                   
                  <button>
                     
                  </button>
                   
                </td>
              </tr>
              <tr>
                <th
                  scope="row"
                >
                  13:00
                </th>
                <td>
                   
                  <button>
                     
                  </button>
                   
                </td>
              </tr>
              <tr>
                <th
                  scope="row"
                >
                  14:00
                </th>
                <td>
                   
                  <button>
                     
                  </button>
                   
                </td>
              </tr>
              <tr>
                <th
                  scope="row"
                >
                  15:00
                </th>
                <td>
                   
                  <button>
                     
                  </button>
                   
                </td>
              </tr>
              <tr>
                <th
                  scope="row"
                >
                  16:00
                </th>
                <td>
                   
                  <button>
                     
                  </button>
                   
                </td>
              </tr>
              <tr>
                <th
                  scope="row"
                >
                  17:00
                </th>
                <td>
                   
                  <button>
                     
                  </button>
                   
                </td>
              </tr>
              <tr>
                <th
                  scope="row"
                >
                   18:00
                </th>
                <td>
                   
                  <button>
                     
                  </button>
                   
                </td>
              </tr>
              <tr>
                <th
                  scope="row"
                >
                  19:00
                </th>
                <td>
                   
                  <button>
                     
                  </button>
                   
                </td>
              </tr>
            </tbody>,
          ],
          "className": "tabela",
          "id": "tabelica",
        },
        "ref": null,
        "rendered": Array [
          Object {
            "instance": null,
            "key": undefined,
            "nodeType": "host",
            "props": Object {
              "children": <tr>
                <th
                  scope="col"
                >
                  # 
                </th>
                <th
                  scope="col"
                />
              </tr>,
            },
            "ref": null,
            "rendered": Object {
              "instance": null,
              "key": undefined,
              "nodeType": "host",
              "props": Object {
                "children": Array [
                  <th
                    scope="col"
                  >
                    # 
                  </th>,
                  <th
                    scope="col"
                  />,
                ],
              },
              "ref": null,
              "rendered": Array [
                Object {
                  "instance": null,
                  "key": undefined,
                  "nodeType": "host",
                  "props": Object {
                    "children": "# ",
                    "scope": "col",
                  },
                  "ref": null,
                  "rendered": "# ",
                  "type": "th",
                },
                Object {
                  "instance": null,
                  "key": undefined,
                  "nodeType": "host",
                  "props": Object {
                    "children": undefined,
                    "scope": "col",
                  },
                  "ref": null,
                  "rendered": null,
                  "type": "th",
                },
              ],
              "type": "tr",
            },
            "type": "thead",
          },
          Object {
            "instance": null,
            "key": undefined,
            "nodeType": "host",
            "props": Object {
              "children": Array [
                <tr>
                  <th
                    scope="row"
                  >
                     08:00 
                  </th>
                  <td>
                    <button>
                       
                    </button>
                  </td>
                </tr>,
                <tr>
                  <th
                    scope="row"
                  >
                    09:00
                  </th>
                  <td>
                    <button>
                       
                    </button>
                     
                  </td>
                </tr>,
                <tr>
                  <th
                    scope="row"
                  >
                    10:00
                  </th>
                  <td>
                     
                    <button>
                       
                    </button>
                     
                  </td>
                </tr>,
                <tr>
                  <th
                    scope="row"
                  >
                    11:00
                  </th>
                  <td>
                     
                    <button>
                       
                    </button>
                     
                  </td>
                </tr>,
                <tr>
                  <th
                    scope="row"
                  >
                    12:00
                  </th>
                  <td>
                     
                    <button>
                       
                    </button>
                     
                  </td>
                </tr>,
                <tr>
                  <th
                    scope="row"
                  >
                    13:00
                  </th>
                  <td>
                     
                    <button>
                       
                    </button>
                     
                  </td>
                </tr>,
                <tr>
                  <th
                    scope="row"
                  >
                    14:00
                  </th>
                  <td>
                     
                    <button>
                       
                    </button>
                     
                  </td>
                </tr>,
                <tr>
                  <th
                    scope="row"
                  >
                    15:00
                  </th>
                  <td>
                     
                    <button>
                       
                    </button>
                     
                  </td>
                </tr>,
                <tr>
                  <th
                    scope="row"
                  >
                    16:00
                  </th>
                  <td>
                     
                    <button>
                       
                    </button>
                     
                  </td>
                </tr>,
                <tr>
                  <th
                    scope="row"
                  >
                    17:00
                  </th>
                  <td>
                     
                    <button>
                       
                    </button>
                     
                  </td>
                </tr>,
                <tr>
                  <th
                    scope="row"
                  >
                     18:00
                  </th>
                  <td>
                     
                    <button>
                       
                    </button>
                     
                  </td>
                </tr>,
                <tr>
                  <th
                    scope="row"
                  >
                    19:00
                  </th>
                  <td>
                     
                    <button>
                       
                    </button>
                     
                  </td>
                </tr>,
              ],
            },
            "ref": null,
            "rendered": Array [
              Object {
                "instance": null,
                "key": undefined,
                "nodeType": "host",
                "props": Object {
                  "children": Array [
                    <th
                      scope="row"
                    >
                       08:00 
                    </th>,
                    <td>
                      <button>
                         
                      </button>
                    </td>,
                  ],
                },
                "ref": null,
                "rendered": Array [
                  Object {
                    "instance": null,
                    "key": undefined,
                    "nodeType": "host",
                    "props": Object {
                      "children": " 08:00 ",
                      "scope": "row",
                    },
                    "ref": null,
                    "rendered": " 08:00 ",
                    "type": "th",
                  },
                  Object {
                    "instance": null,
                    "key": undefined,
                    "nodeType": "host",
                    "props": Object {
                      "children": <button>
                         
                      </button>,
                    },
                    "ref": null,
                    "rendered": Object {
                      "instance": null,
                      "key": undefined,
                      "nodeType": "host",
                      "props": Object {
                        "children": " ",
                      },
                      "ref": null,
                      "rendered": " ",
                      "type": "button",
                    },
                    "type": "td",
                  },
                ],
                "type": "tr",
              },
              Object {
                "instance": null,
                "key": undefined,
                "nodeType": "host",
                "props": Object {
                  "children": Array [
                    <th
                      scope="row"
                    >
                      09:00
                    </th>,
                    <td>
                      <button>
                         
                      </button>
                       
                    </td>,
                  ],
                },
                "ref": null,
                "rendered": Array [
                  Object {
                    "instance": null,
                    "key": undefined,
                    "nodeType": "host",
                    "props": Object {
                      "children": "09:00",
                      "scope": "row",
                    },
                    "ref": null,
                    "rendered": "09:00",
                    "type": "th",
                  },
                  Object {
                    "instance": null,
                    "key": undefined,
                    "nodeType": "host",
                    "props": Object {
                      "children": Array [
                        <button>
                           
                        </button>,
                        " ",
                      ],
                    },
                    "ref": null,
                    "rendered": Array [
                      Object {
                        "instance": null,
                        "key": undefined,
                        "nodeType": "host",
                        "props": Object {
                          "children": " ",
                        },
                        "ref": null,
                        "rendered": " ",
                        "type": "button",
                      },
                      " ",
                    ],
                    "type": "td",
                  },
                ],
                "type": "tr",
              },
              Object {
                "instance": null,
                "key": undefined,
                "nodeType": "host",
                "props": Object {
                  "children": Array [
                    <th
                      scope="row"
                    >
                      10:00
                    </th>,
                    <td>
                       
                      <button>
                         
                      </button>
                       
                    </td>,
                  ],
                },
                "ref": null,
                "rendered": Array [
                  Object {
                    "instance": null,
                    "key": undefined,
                    "nodeType": "host",
                    "props": Object {
                      "children": "10:00",
                      "scope": "row",
                    },
                    "ref": null,
                    "rendered": "10:00",
                    "type": "th",
                  },
                  Object {
                    "instance": null,
                    "key": undefined,
                    "nodeType": "host",
                    "props": Object {
                      "children": Array [
                        " ",
                        <button>
                           
                        </button>,
                        " ",
                      ],
                    },
                    "ref": null,
                    "rendered": Array [
                      " ",
                      Object {
                        "instance": null,
                        "key": undefined,
                        "nodeType": "host",
                        "props": Object {
                          "children": " ",
                        },
                        "ref": null,
                        "rendered": " ",
                        "type": "button",
                      },
                      " ",
                    ],
                    "type": "td",
                  },
                ],
                "type": "tr",
              },
              Object {
                "instance": null,
                "key": undefined,
                "nodeType": "host",
                "props": Object {
                  "children": Array [
                    <th
                      scope="row"
                    >
                      11:00
                    </th>,
                    <td>
                       
                      <button>
                         
                      </button>
                       
                    </td>,
                  ],
                },
                "ref": null,
                "rendered": Array [
                  Object {
                    "instance": null,
                    "key": undefined,
                    "nodeType": "host",
                    "props": Object {
                      "children": "11:00",
                      "scope": "row",
                    },
                    "ref": null,
                    "rendered": "11:00",
                    "type": "th",
                  },
                  Object {
                    "instance": null,
                    "key": undefined,
                    "nodeType": "host",
                    "props": Object {
                      "children": Array [
                        " ",
                        <button>
                           
                        </button>,
                        " ",
                      ],
                    },
                    "ref": null,
                    "rendered": Array [
                      " ",
                      Object {
                        "instance": null,
                        "key": undefined,
                        "nodeType": "host",
                        "props": Object {
                          "children": " ",
                        },
                        "ref": null,
                        "rendered": " ",
                        "type": "button",
                      },
                      " ",
                    ],
                    "type": "td",
                  },
                ],
                "type": "tr",
              },
              Object {
                "instance": null,
                "key": undefined,
                "nodeType": "host",
                "props": Object {
                  "children": Array [
                    <th
                      scope="row"
                    >
                      12:00
                    </th>,
                    <td>
                       
                      <button>
                         
                      </button>
                       
                    </td>,
                  ],
                },
                "ref": null,
                "rendered": Array [
                  Object {
                    "instance": null,
                    "key": undefined,
                    "nodeType": "host",
                    "props": Object {
                      "children": "12:00",
                      "scope": "row",
                    },
                    "ref": null,
                    "rendered": "12:00",
                    "type": "th",
                  },
                  Object {
                    "instance": null,
                    "key": undefined,
                    "nodeType": "host",
                    "props": Object {
                      "children": Array [
                        " ",
                        <button>
                           
                        </button>,
                        " ",
                      ],
                    },
                    "ref": null,
                    "rendered": Array [
                      " ",
                      Object {
                        "instance": null,
                        "key": undefined,
                        "nodeType": "host",
                        "props": Object {
                          "children": " ",
                        },
                        "ref": null,
                        "rendered": " ",
                        "type": "button",
                      },
                      " ",
                    ],
                    "type": "td",
                  },
                ],
                "type": "tr",
              },
              Object {
                "instance": null,
                "key": undefined,
                "nodeType": "host",
                "props": Object {
                  "children": Array [
                    <th
                      scope="row"
                    >
                      13:00
                    </th>,
                    <td>
                       
                      <button>
                         
                      </button>
                       
                    </td>,
                  ],
                },
                "ref": null,
                "rendered": Array [
                  Object {
                    "instance": null,
                    "key": undefined,
                    "nodeType": "host",
                    "props": Object {
                      "children": "13:00",
                      "scope": "row",
                    },
                    "ref": null,
                    "rendered": "13:00",
                    "type": "th",
                  },
                  Object {
                    "instance": null,
                    "key": undefined,
                    "nodeType": "host",
                    "props": Object {
                      "children": Array [
                        " ",
                        <button>
                           
                        </button>,
                        " ",
                      ],
                    },
                    "ref": null,
                    "rendered": Array [
                      " ",
                      Object {
                        "instance": null,
                        "key": undefined,
                        "nodeType": "host",
                        "props": Object {
                          "children": " ",
                        },
                        "ref": null,
                        "rendered": " ",
                        "type": "button",
                      },
                      " ",
                    ],
                    "type": "td",
                  },
                ],
                "type": "tr",
              },
              Object {
                "instance": null,
                "key": undefined,
                "nodeType": "host",
                "props": Object {
                  "children": Array [
                    <th
                      scope="row"
                    >
                      14:00
                    </th>,
                    <td>
                       
                      <button>
                         
                      </button>
                       
                    </td>,
                  ],
                },
                "ref": null,
                "rendered": Array [
                  Object {
                    "instance": null,
                    "key": undefined,
                    "nodeType": "host",
                    "props": Object {
                      "children": "14:00",
                      "scope": "row",
                    },
                    "ref": null,
                    "rendered": "14:00",
                    "type": "th",
                  },
                  Object {
                    "instance": null,
                    "key": undefined,
                    "nodeType": "host",
                    "props": Object {
                      "children": Array [
                        " ",
                        <button>
                           
                        </button>,
                        " ",
                      ],
                    },
                    "ref": null,
                    "rendered": Array [
                      " ",
                      Object {
                        "instance": null,
                        "key": undefined,
                        "nodeType": "host",
                        "props": Object {
                          "children": " ",
                        },
                        "ref": null,
                        "rendered": " ",
                        "type": "button",
                      },
                      " ",
                    ],
                    "type": "td",
                  },
                ],
                "type": "tr",
              },
              Object {
                "instance": null,
                "key": undefined,
                "nodeType": "host",
                "props": Object {
                  "children": Array [
                    <th
                      scope="row"
                    >
                      15:00
                    </th>,
                    <td>
                       
                      <button>
                         
                      </button>
                       
                    </td>,
                  ],
                },
                "ref": null,
                "rendered": Array [
                  Object {
                    "instance": null,
                    "key": undefined,
                    "nodeType": "host",
                    "props": Object {
                      "children": "15:00",
                      "scope": "row",
                    },
                    "ref": null,
                    "rendered": "15:00",
                    "type": "th",
                  },
                  Object {
                    "instance": null,
                    "key": undefined,
                    "nodeType": "host",
                    "props": Object {
                      "children": Array [
                        " ",
                        <button>
                           
                        </button>,
                        " ",
                      ],
                    },
                    "ref": null,
                    "rendered": Array [
                      " ",
                      Object {
                        "instance": null,
                        "key": undefined,
                        "nodeType": "host",
                        "props": Object {
                          "children": " ",
                        },
                        "ref": null,
                        "rendered": " ",
                        "type": "button",
                      },
                      " ",
                    ],
                    "type": "td",
                  },
                ],
                "type": "tr",
              },
              Object {
                "instance": null,
                "key": undefined,
                "nodeType": "host",
                "props": Object {
                  "children": Array [
                    <th
                      scope="row"
                    >
                      16:00
                    </th>,
                    <td>
                       
                      <button>
                         
                      </button>
                       
                    </td>,
                  ],
                },
                "ref": null,
                "rendered": Array [
                  Object {
                    "instance": null,
                    "key": undefined,
                    "nodeType": "host",
                    "props": Object {
                      "children": "16:00",
                      "scope": "row",
                    },
                    "ref": null,
                    "rendered": "16:00",
                    "type": "th",
                  },
                  Object {
                    "instance": null,
                    "key": undefined,
                    "nodeType": "host",
                    "props": Object {
                      "children": Array [
                        " ",
                        <button>
                           
                        </button>,
                        " ",
                      ],
                    },
                    "ref": null,
                    "rendered": Array [
                      " ",
                      Object {
                        "instance": null,
                        "key": undefined,
                        "nodeType": "host",
                        "props": Object {
                          "children": " ",
                        },
                        "ref": null,
                        "rendered": " ",
                        "type": "button",
                      },
                      " ",
                    ],
                    "type": "td",
                  },
                ],
                "type": "tr",
              },
              Object {
                "instance": null,
                "key": undefined,
                "nodeType": "host",
                "props": Object {
                  "children": Array [
                    <th
                      scope="row"
                    >
                      17:00
                    </th>,
                    <td>
                       
                      <button>
                         
                      </button>
                       
                    </td>,
                  ],
                },
                "ref": null,
                "rendered": Array [
                  Object {
                    "instance": null,
                    "key": undefined,
                    "nodeType": "host",
                    "props": Object {
                      "children": "17:00",
                      "scope": "row",
                    },
                    "ref": null,
                    "rendered": "17:00",
                    "type": "th",
                  },
                  Object {
                    "instance": null,
                    "key": undefined,
                    "nodeType": "host",
                    "props": Object {
                      "children": Array [
                        " ",
                        <button>
                           
                        </button>,
                        " ",
                      ],
                    },
                    "ref": null,
                    "rendered": Array [
                      " ",
                      Object {
                        "instance": null,
                        "key": undefined,
                        "nodeType": "host",
                        "props": Object {
                          "children": " ",
                        },
                        "ref": null,
                        "rendered": " ",
                        "type": "button",
                      },
                      " ",
                    ],
                    "type": "td",
                  },
                ],
                "type": "tr",
              },
              Object {
                "instance": null,
                "key": undefined,
                "nodeType": "host",
                "props": Object {
                  "children": Array [
                    <th
                      scope="row"
                    >
                       18:00
                    </th>,
                    <td>
                       
                      <button>
                         
                      </button>
                       
                    </td>,
                  ],
                },
                "ref": null,
                "rendered": Array [
                  Object {
                    "instance": null,
                    "key": undefined,
                    "nodeType": "host",
                    "props": Object {
                      "children": " 18:00",
                      "scope": "row",
                    },
                    "ref": null,
                    "rendered": " 18:00",
                    "type": "th",
                  },
                  Object {
                    "instance": null,
                    "key": undefined,
                    "nodeType": "host",
                    "props": Object {
                      "children": Array [
                        " ",
                        <button>
                           
                        </button>,
                        " ",
                      ],
                    },
                    "ref": null,
                    "rendered": Array [
                      " ",
                      Object {
                        "instance": null,
                        "key": undefined,
                        "nodeType": "host",
                        "props": Object {
                          "children": " ",
                        },
                        "ref": null,
                        "rendered": " ",
                        "type": "button",
                      },
                      " ",
                    ],
                    "type": "td",
                  },
                ],
                "type": "tr",
              },
              Object {
                "instance": null,
                "key": undefined,
                "nodeType": "host",
                "props": Object {
                  "children": Array [
                    <th
                      scope="row"
                    >
                      19:00
                    </th>,
                    <td>
                       
                      <button>
                         
                      </button>
                       
                    </td>,
                  ],
                },
                "ref": null,
                "rendered": Array [
                  Object {
                    "instance": null,
                    "key": undefined,
                    "nodeType": "host",
                    "props": Object {
                      "children": "19:00",
                      "scope": "row",
                    },
                    "ref": null,
                    "rendered": "19:00",
                    "type": "th",
                  },
                  Object {
                    "instance": null,
                    "key": undefined,
                    "nodeType": "host",
                    "props": Object {
                      "children": Array [
                        " ",
                        <button>
                           
                        </button>,
                        " ",
                      ],
                    },
                    "ref": null,
                    "rendered": Array [
                      " ",
                      Object {
                        "instance": null,
                        "key": undefined,
                        "nodeType": "host",
                        "props": Object {
                          "children": " ",
                        },
                        "ref": null,
                        "rendered": " ",
                        "type": "button",
                      },
                      " ",
                    ],
                    "type": "td",
                  },
                ],
                "type": "tr",
              },
            ],
            "type": "tbody",
          },
        ],
        "type": "table",
      },
    ],
    "type": "div",
  },
  Symbol(enzyme.__nodes__): Array [
    Object {
      "instance": null,
      "key": undefined,
      "nodeType": "host",
      "props": Object {
        "children": Array [
          <button
            className="prvi"
            id="Sljedeci"
          >
             
            Prev
          </button>,
          <button
            className="drugi"
            id="Prethodni"
          >
            Next
          </button>,
          <table
            className="tabela"
            id="tabelica"
          >
            <thead>
              <tr>
                <th
                  scope="col"
                >
                  # 
                </th>
                <th
                  scope="col"
                />
              </tr>
            </thead>
            <tbody>
              <tr>
                <th
                  scope="row"
                >
                   08:00 
                </th>
                <td>
                  <button>
                     
                  </button>
                </td>
              </tr>
              <tr>
                <th
                  scope="row"
                >
                  09:00
                </th>
                <td>
                  <button>
                     
                  </button>
                   
                </td>
              </tr>
              <tr>
                <th
                  scope="row"
                >
                  10:00
                </th>
                <td>
                   
                  <button>
                     
                  </button>
                   
                </td>
              </tr>
              <tr>
                <th
                  scope="row"
                >
                  11:00
                </th>
                <td>
                   
                  <button>
                     
                  </button>
                   
                </td>
              </tr>
              <tr>
                <th
                  scope="row"
                >
                  12:00
                </th>
                <td>
                   
                  <button>
                     
                  </button>
                   
                </td>
              </tr>
              <tr>
                <th
                  scope="row"
                >
                  13:00
                </th>
                <td>
                   
                  <button>
                     
                  </button>
                   
                </td>
              </tr>
              <tr>
                <th
                  scope="row"
                >
                  14:00
                </th>
                <td>
                   
                  <button>
                     
                  </button>
                   
                </td>
              </tr>
              <tr>
                <th
                  scope="row"
                >
                  15:00
                </th>
                <td>
                   
                  <button>
                     
                  </button>
                   
                </td>
              </tr>
              <tr>
                <th
                  scope="row"
                >
                  16:00
                </th>
                <td>
                   
                  <button>
                     
                  </button>
                   
                </td>
              </tr>
              <tr>
                <th
                  scope="row"
                >
                  17:00
                </th>
                <td>
                   
                  <button>
                     
                  </button>
                   
                </td>
              </tr>
              <tr>
                <th
                  scope="row"
                >
                   18:00
                </th>
                <td>
                   
                  <button>
                     
                  </button>
                   
                </td>
              </tr>
              <tr>
                <th
                  scope="row"
                >
                  19:00
                </th>
                <td>
                   
                  <button>
                     
                  </button>
                   
                </td>
              </tr>
            </tbody>
          </table>,
        ],
        "className": "Danic",
      },
      "ref": null,
      "rendered": Array [
        Object {
          "instance": null,
          "key": undefined,
          "nodeType": "host",
          "props": Object {
            "children": Array [
              " ",
              "Prev",
            ],
            "className": "prvi",
            "id": "Sljedeci",
            "onClick": undefined,
          },
          "ref": null,
          "rendered": Array [
            " ",
            "Prev",
          ],
          "type": "button",
        },
        Object {
          "instance": null,
          "key": undefined,
          "nodeType": "host",
          "props": Object {
            "children": "Next",
            "className": "drugi",
            "id": "Prethodni",
            "onClick": undefined,
          },
          "ref": null,
          "rendered": "Next",
          "type": "button",
        },
        Object {
          "instance": null,
          "key": undefined,
          "nodeType": "host",
          "props": Object {
            "children": Array [
              <thead>
                <tr>
                  <th
                    scope="col"
                  >
                    # 
                  </th>
                  <th
                    scope="col"
                  />
                </tr>
              </thead>,
              <tbody>
                <tr>
                  <th
                    scope="row"
                  >
                     08:00 
                  </th>
                  <td>
                    <button>
                       
                    </button>
                  </td>
                </tr>
                <tr>
                  <th
                    scope="row"
                  >
                    09:00
                  </th>
                  <td>
                    <button>
                       
                    </button>
                     
                  </td>
                </tr>
                <tr>
                  <th
                    scope="row"
                  >
                    10:00
                  </th>
                  <td>
                     
                    <button>
                       
                    </button>
                     
                  </td>
                </tr>
                <tr>
                  <th
                    scope="row"
                  >
                    11:00
                  </th>
                  <td>
                     
                    <button>
                       
                    </button>
                     
                  </td>
                </tr>
                <tr>
                  <th
                    scope="row"
                  >
                    12:00
                  </th>
                  <td>
                     
                    <button>
                       
                    </button>
                     
                  </td>
                </tr>
                <tr>
                  <th
                    scope="row"
                  >
                    13:00
                  </th>
                  <td>
                     
                    <button>
                       
                    </button>
                     
                  </td>
                </tr>
                <tr>
                  <th
                    scope="row"
                  >
                    14:00
                  </th>
                  <td>
                     
                    <button>
                       
                    </button>
                     
                  </td>
                </tr>
                <tr>
                  <th
                    scope="row"
                  >
                    15:00
                  </th>
                  <td>
                     
                    <button>
                       
                    </button>
                     
                  </td>
                </tr>
                <tr>
                  <th
                    scope="row"
                  >
                    16:00
                  </th>
                  <td>
                     
                    <button>
                       
                    </button>
                     
                  </td>
                </tr>
                <tr>
                  <th
                    scope="row"
                  >
                    17:00
                  </th>
                  <td>
                     
                    <button>
                       
                    </button>
                     
                  </td>
                </tr>
                <tr>
                  <th
                    scope="row"
                  >
                     18:00
                  </th>
                  <td>
                     
                    <button>
                       
                    </button>
                     
                  </td>
                </tr>
                <tr>
                  <th
                    scope="row"
                  >
                    19:00
                  </th>
                  <td>
                     
                    <button>
                       
                    </button>
                     
                  </td>
                </tr>
              </tbody>,
            ],
            "className": "tabela",
            "id": "tabelica",
          },
          "ref": null,
          "rendered": Array [
            Object {
              "instance": null,
              "key": undefined,
              "nodeType": "host",
              "props": Object {
                "children": <tr>
                  <th
                    scope="col"
                  >
                    # 
                  </th>
                  <th
                    scope="col"
                  />
                </tr>,
              },
              "ref": null,
              "rendered": Object {
                "instance": null,
                "key": undefined,
                "nodeType": "host",
                "props": Object {
                  "children": Array [
                    <th
                      scope="col"
                    >
                      # 
                    </th>,
                    <th
                      scope="col"
                    />,
                  ],
                },
                "ref": null,
                "rendered": Array [
                  Object {
                    "instance": null,
                    "key": undefined,
                    "nodeType": "host",
                    "props": Object {
                      "children": "# ",
                      "scope": "col",
                    },
                    "ref": null,
                    "rendered": "# ",
                    "type": "th",
                  },
                  Object {
                    "instance": null,
                    "key": undefined,
                    "nodeType": "host",
                    "props": Object {
                      "children": undefined,
                      "scope": "col",
                    },
                    "ref": null,
                    "rendered": null,
                    "type": "th",
                  },
                ],
                "type": "tr",
              },
              "type": "thead",
            },
            Object {
              "instance": null,
              "key": undefined,
              "nodeType": "host",
              "props": Object {
                "children": Array [
                  <tr>
                    <th
                      scope="row"
                    >
                       08:00 
                    </th>
                    <td>
                      <button>
                         
                      </button>
                    </td>
                  </tr>,
                  <tr>
                    <th
                      scope="row"
                    >
                      09:00
                    </th>
                    <td>
                      <button>
                         
                      </button>
                       
                    </td>
                  </tr>,
                  <tr>
                    <th
                      scope="row"
                    >
                      10:00
                    </th>
                    <td>
                       
                      <button>
                         
                      </button>
                       
                    </td>
                  </tr>,
                  <tr>
                    <th
                      scope="row"
                    >
                      11:00
                    </th>
                    <td>
                       
                      <button>
                         
                      </button>
                       
                    </td>
                  </tr>,
                  <tr>
                    <th
                      scope="row"
                    >
                      12:00
                    </th>
                    <td>
                       
                      <button>
                         
                      </button>
                       
                    </td>
                  </tr>,
                  <tr>
                    <th
                      scope="row"
                    >
                      13:00
                    </th>
                    <td>
                       
                      <button>
                         
                      </button>
                       
                    </td>
                  </tr>,
                  <tr>
                    <th
                      scope="row"
                    >
                      14:00
                    </th>
                    <td>
                       
                      <button>
                         
                      </button>
                       
                    </td>
                  </tr>,
                  <tr>
                    <th
                      scope="row"
                    >
                      15:00
                    </th>
                    <td>
                       
                      <button>
                         
                      </button>
                       
                    </td>
                  </tr>,
                  <tr>
                    <th
                      scope="row"
                    >
                      16:00
                    </th>
                    <td>
                       
                      <button>
                         
                      </button>
                       
                    </td>
                  </tr>,
                  <tr>
                    <th
                      scope="row"
                    >
                      17:00
                    </th>
                    <td>
                       
                      <button>
                         
                      </button>
                       
                    </td>
                  </tr>,
                  <tr>
                    <th
                      scope="row"
                    >
                       18:00
                    </th>
                    <td>
                       
                      <button>
                         
                      </button>
                       
                    </td>
                  </tr>,
                  <tr>
                    <th
                      scope="row"
                    >
                      19:00
                    </th>
                    <td>
                       
                      <button>
                         
                      </button>
                       
                    </td>
                  </tr>,
                ],
              },
              "ref": null,
              "rendered": Array [
                Object {
                  "instance": null,
                  "key": undefined,
                  "nodeType": "host",
                  "props": Object {
                    "children": Array [
                      <th
                        scope="row"
                      >
                         08:00 
                      </th>,
                      <td>
                        <button>
                           
                        </button>
                      </td>,
                    ],
                  },
                  "ref": null,
                  "rendered": Array [
                    Object {
                      "instance": null,
                      "key": undefined,
                      "nodeType": "host",
                      "props": Object {
                        "children": " 08:00 ",
                        "scope": "row",
                      },
                      "ref": null,
                      "rendered": " 08:00 ",
                      "type": "th",
                    },
                    Object {
                      "instance": null,
                      "key": undefined,
                      "nodeType": "host",
                      "props": Object {
                        "children": <button>
                           
                        </button>,
                      },
                      "ref": null,
                      "rendered": Object {
                        "instance": null,
                        "key": undefined,
                        "nodeType": "host",
                        "props": Object {
                          "children": " ",
                        },
                        "ref": null,
                        "rendered": " ",
                        "type": "button",
                      },
                      "type": "td",
                    },
                  ],
                  "type": "tr",
                },
                Object {
                  "instance": null,
                  "key": undefined,
                  "nodeType": "host",
                  "props": Object {
                    "children": Array [
                      <th
                        scope="row"
                      >
                        09:00
                      </th>,
                      <td>
                        <button>
                           
                        </button>
                         
                      </td>,
                    ],
                  },
                  "ref": null,
                  "rendered": Array [
                    Object {
                      "instance": null,
                      "key": undefined,
                      "nodeType": "host",
                      "props": Object {
                        "children": "09:00",
                        "scope": "row",
                      },
                      "ref": null,
                      "rendered": "09:00",
                      "type": "th",
                    },
                    Object {
                      "instance": null,
                      "key": undefined,
                      "nodeType": "host",
                      "props": Object {
                        "children": Array [
                          <button>
                             
                          </button>,
                          " ",
                        ],
                      },
                      "ref": null,
                      "rendered": Array [
                        Object {
                          "instance": null,
                          "key": undefined,
                          "nodeType": "host",
                          "props": Object {
                            "children": " ",
                          },
                          "ref": null,
                          "rendered": " ",
                          "type": "button",
                        },
                        " ",
                      ],
                      "type": "td",
                    },
                  ],
                  "type": "tr",
                },
                Object {
                  "instance": null,
                  "key": undefined,
                  "nodeType": "host",
                  "props": Object {
                    "children": Array [
                      <th
                        scope="row"
                      >
                        10:00
                      </th>,
                      <td>
                         
                        <button>
                           
                        </button>
                         
                      </td>,
                    ],
                  },
                  "ref": null,
                  "rendered": Array [
                    Object {
                      "instance": null,
                      "key": undefined,
                      "nodeType": "host",
                      "props": Object {
                        "children": "10:00",
                        "scope": "row",
                      },
                      "ref": null,
                      "rendered": "10:00",
                      "type": "th",
                    },
                    Object {
                      "instance": null,
                      "key": undefined,
                      "nodeType": "host",
                      "props": Object {
                        "children": Array [
                          " ",
                          <button>
                             
                          </button>,
                          " ",
                        ],
                      },
                      "ref": null,
                      "rendered": Array [
                        " ",
                        Object {
                          "instance": null,
                          "key": undefined,
                          "nodeType": "host",
                          "props": Object {
                            "children": " ",
                          },
                          "ref": null,
                          "rendered": " ",
                          "type": "button",
                        },
                        " ",
                      ],
                      "type": "td",
                    },
                  ],
                  "type": "tr",
                },
                Object {
                  "instance": null,
                  "key": undefined,
                  "nodeType": "host",
                  "props": Object {
                    "children": Array [
                      <th
                        scope="row"
                      >
                        11:00
                      </th>,
                      <td>
                         
                        <button>
                           
                        </button>
                         
                      </td>,
                    ],
                  },
                  "ref": null,
                  "rendered": Array [
                    Object {
                      "instance": null,
                      "key": undefined,
                      "nodeType": "host",
                      "props": Object {
                        "children": "11:00",
                        "scope": "row",
                      },
                      "ref": null,
                      "rendered": "11:00",
                      "type": "th",
                    },
                    Object {
                      "instance": null,
                      "key": undefined,
                      "nodeType": "host",
                      "props": Object {
                        "children": Array [
                          " ",
                          <button>
                             
                          </button>,
                          " ",
                        ],
                      },
                      "ref": null,
                      "rendered": Array [
                        " ",
                        Object {
                          "instance": null,
                          "key": undefined,
                          "nodeType": "host",
                          "props": Object {
                            "children": " ",
                          },
                          "ref": null,
                          "rendered": " ",
                          "type": "button",
                        },
                        " ",
                      ],
                      "type": "td",
                    },
                  ],
                  "type": "tr",
                },
                Object {
                  "instance": null,
                  "key": undefined,
                  "nodeType": "host",
                  "props": Object {
                    "children": Array [
                      <th
                        scope="row"
                      >
                        12:00
                      </th>,
                      <td>
                         
                        <button>
                           
                        </button>
                         
                      </td>,
                    ],
                  },
                  "ref": null,
                  "rendered": Array [
                    Object {
                      "instance": null,
                      "key": undefined,
                      "nodeType": "host",
                      "props": Object {
                        "children": "12:00",
                        "scope": "row",
                      },
                      "ref": null,
                      "rendered": "12:00",
                      "type": "th",
                    },
                    Object {
                      "instance": null,
                      "key": undefined,
                      "nodeType": "host",
                      "props": Object {
                        "children": Array [
                          " ",
                          <button>
                             
                          </button>,
                          " ",
                        ],
                      },
                      "ref": null,
                      "rendered": Array [
                        " ",
                        Object {
                          "instance": null,
                          "key": undefined,
                          "nodeType": "host",
                          "props": Object {
                            "children": " ",
                          },
                          "ref": null,
                          "rendered": " ",
                          "type": "button",
                        },
                        " ",
                      ],
                      "type": "td",
                    },
                  ],
                  "type": "tr",
                },
                Object {
                  "instance": null,
                  "key": undefined,
                  "nodeType": "host",
                  "props": Object {
                    "children": Array [
                      <th
                        scope="row"
                      >
                        13:00
                      </th>,
                      <td>
                         
                        <button>
                           
                        </button>
                         
                      </td>,
                    ],
                  },
                  "ref": null,
                  "rendered": Array [
                    Object {
                      "instance": null,
                      "key": undefined,
                      "nodeType": "host",
                      "props": Object {
                        "children": "13:00",
                        "scope": "row",
                      },
                      "ref": null,
                      "rendered": "13:00",
                      "type": "th",
                    },
                    Object {
                      "instance": null,
                      "key": undefined,
                      "nodeType": "host",
                      "props": Object {
                        "children": Array [
                          " ",
                          <button>
                             
                          </button>,
                          " ",
                        ],
                      },
                      "ref": null,
                      "rendered": Array [
                        " ",
                        Object {
                          "instance": null,
                          "key": undefined,
                          "nodeType": "host",
                          "props": Object {
                            "children": " ",
                          },
                          "ref": null,
                          "rendered": " ",
                          "type": "button",
                        },
                        " ",
                      ],
                      "type": "td",
                    },
                  ],
                  "type": "tr",
                },
                Object {
                  "instance": null,
                  "key": undefined,
                  "nodeType": "host",
                  "props": Object {
                    "children": Array [
                      <th
                        scope="row"
                      >
                        14:00
                      </th>,
                      <td>
                         
                        <button>
                           
                        </button>
                         
                      </td>,
                    ],
                  },
                  "ref": null,
                  "rendered": Array [
                    Object {
                      "instance": null,
                      "key": undefined,
                      "nodeType": "host",
                      "props": Object {
                        "children": "14:00",
                        "scope": "row",
                      },
                      "ref": null,
                      "rendered": "14:00",
                      "type": "th",
                    },
                    Object {
                      "instance": null,
                      "key": undefined,
                      "nodeType": "host",
                      "props": Object {
                        "children": Array [
                          " ",
                          <button>
                             
                          </button>,
                          " ",
                        ],
                      },
                      "ref": null,
                      "rendered": Array [
                        " ",
                        Object {
                          "instance": null,
                          "key": undefined,
                          "nodeType": "host",
                          "props": Object {
                            "children": " ",
                          },
                          "ref": null,
                          "rendered": " ",
                          "type": "button",
                        },
                        " ",
                      ],
                      "type": "td",
                    },
                  ],
                  "type": "tr",
                },
                Object {
                  "instance": null,
                  "key": undefined,
                  "nodeType": "host",
                  "props": Object {
                    "children": Array [
                      <th
                        scope="row"
                      >
                        15:00
                      </th>,
                      <td>
                         
                        <button>
                           
                        </button>
                         
                      </td>,
                    ],
                  },
                  "ref": null,
                  "rendered": Array [
                    Object {
                      "instance": null,
                      "key": undefined,
                      "nodeType": "host",
                      "props": Object {
                        "children": "15:00",
                        "scope": "row",
                      },
                      "ref": null,
                      "rendered": "15:00",
                      "type": "th",
                    },
                    Object {
                      "instance": null,
                      "key": undefined,
                      "nodeType": "host",
                      "props": Object {
                        "children": Array [
                          " ",
                          <button>
                             
                          </button>,
                          " ",
                        ],
                      },
                      "ref": null,
                      "rendered": Array [
                        " ",
                        Object {
                          "instance": null,
                          "key": undefined,
                          "nodeType": "host",
                          "props": Object {
                            "children": " ",
                          },
                          "ref": null,
                          "rendered": " ",
                          "type": "button",
                        },
                        " ",
                      ],
                      "type": "td",
                    },
                  ],
                  "type": "tr",
                },
                Object {
                  "instance": null,
                  "key": undefined,
                  "nodeType": "host",
                  "props": Object {
                    "children": Array [
                      <th
                        scope="row"
                      >
                        16:00
                      </th>,
                      <td>
                         
                        <button>
                           
                        </button>
                         
                      </td>,
                    ],
                  },
                  "ref": null,
                  "rendered": Array [
                    Object {
                      "instance": null,
                      "key": undefined,
                      "nodeType": "host",
                      "props": Object {
                        "children": "16:00",
                        "scope": "row",
                      },
                      "ref": null,
                      "rendered": "16:00",
                      "type": "th",
                    },
                    Object {
                      "instance": null,
                      "key": undefined,
                      "nodeType": "host",
                      "props": Object {
                        "children": Array [
                          " ",
                          <button>
                             
                          </button>,
                          " ",
                        ],
                      },
                      "ref": null,
                      "rendered": Array [
                        " ",
                        Object {
                          "instance": null,
                          "key": undefined,
                          "nodeType": "host",
                          "props": Object {
                            "children": " ",
                          },
                          "ref": null,
                          "rendered": " ",
                          "type": "button",
                        },
                        " ",
                      ],
                      "type": "td",
                    },
                  ],
                  "type": "tr",
                },
                Object {
                  "instance": null,
                  "key": undefined,
                  "nodeType": "host",
                  "props": Object {
                    "children": Array [
                      <th
                        scope="row"
                      >
                        17:00
                      </th>,
                      <td>
                         
                        <button>
                           
                        </button>
                         
                      </td>,
                    ],
                  },
                  "ref": null,
                  "rendered": Array [
                    Object {
                      "instance": null,
                      "key": undefined,
                      "nodeType": "host",
                      "props": Object {
                        "children": "17:00",
                        "scope": "row",
                      },
                      "ref": null,
                      "rendered": "17:00",
                      "type": "th",
                    },
                    Object {
                      "instance": null,
                      "key": undefined,
                      "nodeType": "host",
                      "props": Object {
                        "children": Array [
                          " ",
                          <button>
                             
                          </button>,
                          " ",
                        ],
                      },
                      "ref": null,
                      "rendered": Array [
                        " ",
                        Object {
                          "instance": null,
                          "key": undefined,
                          "nodeType": "host",
                          "props": Object {
                            "children": " ",
                          },
                          "ref": null,
                          "rendered": " ",
                          "type": "button",
                        },
                        " ",
                      ],
                      "type": "td",
                    },
                  ],
                  "type": "tr",
                },
                Object {
                  "instance": null,
                  "key": undefined,
                  "nodeType": "host",
                  "props": Object {
                    "children": Array [
                      <th
                        scope="row"
                      >
                         18:00
                      </th>,
                      <td>
                         
                        <button>
                           
                        </button>
                         
                      </td>,
                    ],
                  },
                  "ref": null,
                  "rendered": Array [
                    Object {
                      "instance": null,
                      "key": undefined,
                      "nodeType": "host",
                      "props": Object {
                        "children": " 18:00",
                        "scope": "row",
                      },
                      "ref": null,
                      "rendered": " 18:00",
                      "type": "th",
                    },
                    Object {
                      "instance": null,
                      "key": undefined,
                      "nodeType": "host",
                      "props": Object {
                        "children": Array [
                          " ",
                          <button>
                             
                          </button>,
                          " ",
                        ],
                      },
                      "ref": null,
                      "rendered": Array [
                        " ",
                        Object {
                          "instance": null,
                          "key": undefined,
                          "nodeType": "host",
                          "props": Object {
                            "children": " ",
                          },
                          "ref": null,
                          "rendered": " ",
                          "type": "button",
                        },
                        " ",
                      ],
                      "type": "td",
                    },
                  ],
                  "type": "tr",
                },
                Object {
                  "instance": null,
                  "key": undefined,
                  "nodeType": "host",
                  "props": Object {
                    "children": Array [
                      <th
                        scope="row"
                      >
                        19:00
                      </th>,
                      <td>
                         
                        <button>
                           
                        </button>
                         
                      </td>,
                    ],
                  },
                  "ref": null,
                  "rendered": Array [
                    Object {
                      "instance": null,
                      "key": undefined,
                      "nodeType": "host",
                      "props": Object {
                        "children": "19:00",
                        "scope": "row",
                      },
                      "ref": null,
                      "rendered": "19:00",
                      "type": "th",
                    },
                    Object {
                      "instance": null,
                      "key": undefined,
                      "nodeType": "host",
                      "props": Object {
                        "children": Array [
                          " ",
                          <button>
                             
                          </button>,
                          " ",
                        ],
                      },
                      "ref": null,
                      "rendered": Array [
                        " ",
                        Object {
                          "instance": null,
                          "key": undefined,
                          "nodeType": "host",
                          "props": Object {
                            "children": " ",
                          },
                          "ref": null,
                          "rendered": " ",
                          "type": "button",
                        },
                        " ",
                      ],
                      "type": "td",
                    },
                  ],
                  "type": "tr",
                },
              ],
              "type": "tbody",
            },
          ],
          "type": "table",
        },
      ],
      "type": "div",
    },
  ],
  Symbol(enzyme.__options__): Object {
    "adapter": ReactSixteenAdapter {
      "options": Object {
        "enableComponentDidUpdateOnSetState": true,
        "legacyContextMode": "parent",
        "lifecycles": Object {
          "componentDidUpdate": Object {
            "onSetState": true,
          },
          "getChildContext": Object {
            "calledByRenderer": false,
          },
          "getDerivedStateFromError": true,
          "getDerivedStateFromProps": Object {
            "hasShouldComponentUpdateBug": false,
          },
          "getSnapshotBeforeUpdate": true,
          "setState": Object {
            "skipsComponentDidUpdateOnNullish": true,
          },
        },
      },
    },
  },
  Symbol(enzyme.__childContext__): null,
}
`;
